  • electron-builder  version=26.8.1 os=10.0.26200
  • loaded configuration  file=package.json ("build" field)
  • @electron/rebuild already used by electron-builder, please consider to remove excess dependency from devDependencies

To ensure your native dependencies are always matched electron version, simply add script `"postinstall": "electron-builder install-app-deps" to your `package.json`
  • executing @electron/rebuild  electronVersion=27.3.11 arch=x64 buildFromSource=false workspaceRoot=C:\Users\bento\Desktop\SWG-Ghosts-Launcher projectDir=./ appDir=./
  • installing native dependencies  arch=x64
  • completed installing native dependencies
  • packaging       platform=win32 arch=x64 electron=27.3.11 appOutDir=dist\win-unpacked
  • asar usage is disabled — this is strongly not recommended  solution=enable asar and use asarUnpack to unpack files that must be externally available
  • searching for node modules  pm=npm searchDir=C:\Users\bento\Desktop\SWG-Ghosts-Launcher
(node:3736) [DEP0190] DeprecationWarning: Passing args to a child process with shell option true can lead to security vulnerabilities, as the arguments are not escaped, only concatenated.
(Use `node --trace-deprecation ...` to show where the warning was created)
  • duplicate dependency references  dependencies=["debug@4.4.0","@types/node@20.17.17","@types/node@20.17.17","@types/responselike@1.0.3","@types/node@20.17.17","get-stream@5.2.0","responselike@2.0.1","debug@4.4.0","debug@4.4.0","once@1.4.0","call-bind-apply-helpers@1.0.2","es-object-atoms@1.1.1","hasown@2.0.2","hasown@2.0.2","jsonfile@6.1.0","bare-path@3.0.0","streamx@2.25.0","bare-path@3.0.0","bare-url@2.4.0","bare-url@2.4.0"]
  • asar usage is disabled — this is strongly not recommended  solution=enable asar and use asarUnpack to unpack files that must be externally available
  • signing with signtool.exe  path=dist\win-unpacked\Ghosts Launcher.exe
  • building        target=nsis file=dist\Ghosts Launcher Setup 1.9.2.exe archs=x64 oneClick=false perMachine=false
  • signing with signtool.exe  path=dist\win-unpacked\resources\elevate.exe
  • signing with signtool.exe  path=dist\Ghosts Launcher Setup 1.9.2.__uninstaller.exe
  • signing with signtool.exe  path=dist\Ghosts Launcher Setup 1.9.2.exe
  • building block map  blockMapFile=dist\Ghosts Launcher Setup 1.9.2.exe.blockmap
